GDRE Tools v2.6.4
Ubuntu 26.04 LTS 26.04, headless
Opening file: ~/vulkan/BadCheff/badcheff.apk
Loaded 182 imported files
Detected Engine Version: 4.4.0.stable
Detected Bytecode Revision: 4.3.0-stable (77af6ca)
Successfully loaded PCK!
Version: 4.4.0.stable
Extracted 372 files, no errors detected!
Recreating plugin configs...
Saved project config.


********************************EXPORT REPORT********************************

Totals:                                 
Decompiled scripts:                     30
Scripts not decompiled:                 0
Imported resources for export session:  182
Successfully converted:                 182
Lossy:                                  103
Rewrote metadata:                       107
Non-importable conversions:             24
Not converted:                          0
Failed conversions:                     0
-------------

------

The following plugins failed to have their plugin.cfg regenerated:
silicon.vfx.volumetrics
------

The following files were converted and saved to a non-original path, but did not have their import data rewritten.
These files will not be re-imported when loading the project.
res://.godot/imported/lock active.fbx-4e8d8007a5164b95c738e6b802b62a4a.scn to res://.assets/act 1 object/prolog/lock/lock active.glb
res://.godot/imported/lock break.fbx-a2e9ed4632e83f3b80a8600f53cc2ee3.scn to res://.assets/act 1 object/prolog/lock/lock break.glb
res://.godot/imported/board.fbx-7de89df87dca59f4eaa24e09196b05ca.scn to res://.assets/act 1 object/prolog/board.glb
res://.godot/imported/board_break.fbx-973a65bf73bd0b62307c864fa4e572b4.scn to res://.assets/act 1 object/prolog/board_break.glb
res://.godot/imported/box.fbx-a55288c905a5f529311a19a8359d3e87.scn to res://.assets/act 1 object/prolog/box.glb
res://.godot/imported/camera.fbx-c652ef96fd75bebda641eb2c0c190420.scn to res://.assets/act 1 object/prolog/camera.glb
res://.godot/imported/camera_fov.fbx-684479ef7ea15d3ffa76c7f00c8f535b.scn to res://.assets/act 1 object/prolog/camera_fov.glb
res://.godot/imported/closet.fbx-6188060bb9b34b75c6757608df53a4f2.scn to res://.assets/act 1 object/prolog/closet.glb
res://.godot/imported/door closet.fbx-3d17bf2e6116a693b7fa76425da3d396.scn to res://.assets/act 1 object/prolog/door closet.glb
res://.godot/imported/door cut.fbx-3fc1aa0e478179e6089721092a55ea7b.scn to res://.assets/act 1 object/prolog/door cut.glb
res://.godot/imported/door k and r.fbx-46afd66f93569bdb2db8d79ca41d61c5.scn to res://.assets/act 1 object/prolog/door k and r.glb
res://.godot/imported/door kitchen.fbx-518d97d35705bcf33ed8df9395060feb.scn to res://.assets/act 1 object/prolog/door kitchen.glb
res://.godot/imported/door stove.fbx-dee519a0f3bf05ce5c813af96c734016.scn to res://.assets/act 1 object/prolog/door stove.glb
res://.godot/imported/lever.fbx-f4d2a0bb5914e8c0f54c9a6e32177ab0.scn to res://.assets/act 1 object/prolog/lever.glb
res://.godot/imported/mesh.fbx-1a42c20bfab66fe3ce514f24104c2296.scn to res://.assets/act 1 object/prolog/mesh.glb
res://.godot/imported/panel door.fbx-b58c8ba8d638d48284e17819115de8e9.scn to res://.assets/act 1 object/prolog/panel door.glb
res://.godot/imported/soup model.fbx-f3fc8e2a66587c3c24cdadf8de9486b1.scn to res://.assets/act 1 object/prolog/soup model.glb
res://.godot/imported/up mesh.fbx-eb912720ca3b50f8c499ad2bca9e84d8.scn to res://.assets/act 1 object/prolog/up mesh.glb
res://.godot/imported/wind cut.fbx-e51a6921318d809f1d35ceed987e5bc6.scn to res://.assets/act 1 object/prolog/wind cut.glb
res://.godot/imported/cook handle.fbx-7a04bd39306f526c90474be8b2cb3ba2.scn to res://.assets/mesh/cook_handle/cook handle.glb
res://.godot/imported/glock.fbx-75f52dbff1164593645d51e7b9756e1a.scn to res://.assets/mesh/glock/glock.glb
res://.godot/imported/hamer.fbx-ebd6dac2a747af43d71cf547601de889.scn to res://.assets/mesh/hamer/hamer.glb
res://.godot/imported/key_door.fbx-0c7a251bd4c9783882551aa7d16f29a6.scn to res://.assets/mesh/key_door/key_door.glb
res://.godot/imported/key panel.fbx-099da06c1832b6607c8b7988016af18d.scn to res://.assets/mesh/key_panel/key panel.glb



---------------------------------IMPORTANT NOTES----------------------------------


Incomplete Plugin Export:
The following addons failed to have their plugin.cfg regenerated
You may encounter editor errors due to this.
Tip: Try finding the plugin in the Godot Asset Library or Github.

 - silicon.vfx.volumetrics



------------------------------------------------------------------------------------

Use Godot editor version 4.4.0.stable to edit the project.

*******************************************************************************

Recovery finished in 00m04s
